// Jest Snapshot v1, https://goo.gl/fbAQLP

exports[`<popover> demo: render [basic] correctly 1`] = `
"<button class=\\"arco-btn arco-btn-secondary arco-btn-shape-square arco-btn-size-medium arco-btn-status-normal\\" type=\\"button\\">
  <!--v-if-->Hover
</button>
<!--teleport start-->
<!--teleport end-->"
`;

exports[`<popover> demo: render [position] correctly 1`] = `
"<div style=\\"position: relative; width: 440px; height: 280px;\\"><button class=\\"arco-btn arco-btn-secondary arco-btn-shape-square arco-btn-size-medium arco-btn-status-normal button\\" type=\\"button\\" style=\\"position: absolute; top: 0px; left: 70px;\\">
    <!--v-if-->TL
  </button>
  <!--teleport start-->
  <!--teleport end--><button class=\\"arco-btn arco-btn-secondary arco-btn-shape-square arco-btn-size-medium arco-btn-status-normal button\\" type=\\"button\\" style=\\"position: absolute; top: 0px; left: 180px;\\">
    <!--v-if-->TOP
  </button>
  <!--teleport start-->
  <!--teleport end--><button class=\\"arco-btn arco-btn-secondary arco-btn-shape-square arco-btn-size-medium arco-btn-status-normal button\\" type=\\"button\\" style=\\"position: absolute; top: 0px; left: 290px;\\">
    <!--v-if-->TR
  </button>
  <!--teleport start-->
  <!--teleport end--><button class=\\"arco-btn arco-btn-secondary arco-btn-shape-square arco-btn-size-medium arco-btn-status-normal button\\" type=\\"button\\" style=\\"position: absolute; top: 240px; left: 70px;\\">
    <!--v-if-->BL
  </button>
  <!--teleport start-->
  <!--teleport end--><button class=\\"arco-btn arco-btn-secondary arco-btn-shape-square arco-btn-size-medium arco-btn-status-normal button\\" type=\\"button\\" style=\\"position: absolute; top: 240px; left: 180px;\\">
    <!--v-if-->BOTTOM
  </button>
  <!--teleport start-->
  <!--teleport end--><button class=\\"arco-btn arco-btn-secondary arco-btn-shape-square arco-btn-size-medium arco-btn-status-normal button\\" type=\\"button\\" style=\\"position: absolute; top: 240px; left: 290px;\\">
    <!--v-if-->BR
  </button>
  <!--teleport start-->
  <!--teleport end--><button class=\\"arco-btn arco-btn-secondary arco-btn-shape-square arco-btn-size-medium arco-btn-status-normal button\\" type=\\"button\\" style=\\"position: absolute; top: 60px; left: 10px;\\">
    <!--v-if-->LT
  </button>
  <!--teleport start-->
  <!--teleport end--><button class=\\"arco-btn arco-btn-secondary arco-btn-shape-square arco-btn-size-medium arco-btn-status-normal button\\" type=\\"button\\" style=\\"position: absolute; top: 120px; left: 10px;\\">
    <!--v-if-->LEFT
  </button>
  <!--teleport start-->
  <!--teleport end--><button class=\\"arco-btn arco-btn-secondary arco-btn-shape-square arco-btn-size-medium arco-btn-status-normal button\\" type=\\"button\\" style=\\"position: absolute; top: 180px; left: 10px;\\">
    <!--v-if-->LB
  </button>
  <!--teleport start-->
  <!--teleport end--><button class=\\"arco-btn arco-btn-secondary arco-btn-shape-square arco-btn-size-medium arco-btn-status-normal button\\" type=\\"button\\" style=\\"position: absolute; top: 60px; left: 350px;\\">
    <!--v-if-->RT
  </button>
  <!--teleport start-->
  <!--teleport end--><button class=\\"arco-btn arco-btn-secondary arco-btn-shape-square arco-btn-size-medium arco-btn-status-normal button\\" type=\\"button\\" style=\\"position: absolute; top: 120px; left: 350px;\\">
    <!--v-if-->RIGHT
  </button>
  <!--teleport start-->
  <!--teleport end--><button class=\\"arco-btn arco-btn-secondary arco-btn-shape-square arco-btn-size-medium arco-btn-status-normal button\\" type=\\"button\\" style=\\"position: absolute; top: 180px; left: 350px;\\">
    <!--v-if-->RB
  </button>
  <!--teleport start-->
  <!--teleport end-->
</div>"
`;

exports[`<popover> demo: render [trigger] correctly 1`] = `
"<div class=\\"arco-space arco-space-horizontal arco-space-align-center\\">
  <div class=\\"arco-space-item\\" style=\\"margin-right: 8px;\\"><button class=\\"arco-btn arco-btn-secondary arco-btn-shape-square arco-btn-size-medium arco-btn-status-normal\\" type=\\"button\\">
      <!--v-if-->Hover Me
    </button>
    <!--teleport start-->
    <!--teleport end-->
  </div>
  <div class=\\"arco-space-item\\"><button class=\\"arco-btn arco-btn-secondary arco-btn-shape-square arco-btn-size-medium arco-btn-status-normal\\" type=\\"button\\">
      <!--v-if-->Click Me
    </button>
    <!--teleport start-->
    <!--teleport end-->
  </div>
</div>"
`;
