// Jest Snapshot v1, https://goo.gl/fbAQLP

exports[`<cascader> demo: render [basic] correctly 1`] = `
"<div class=\\"arco-space arco-space-vertical\\">
  <div class=\\"arco-space-item\\" style=\\"margin-bottom: 24px;\\"><span class=\\"arco-select-view-single arco-select-view arco-select-view-size-medium\\" style=\\"width: 320px;\\"><!----><input class=\\"arco-select-view-input\\" readonly=\\"\\" placeholder=\\"Please select ...\\"><span class=\\"arco-select-view-value arco-select-view-value-hidden\\"><!----></span><span class=\\"arco-select-view-suffix\\"><!----><span class=\\"arco-select-view-icon\\"><svg viewBox=\\"0 0 48 48\\" fill=\\"none\\" xmlns=\\"http://www.w3.org/2000/svg\\" stroke=\\"currentColor\\" class=\\"arco-icon arco-icon-down arco-select-view-arrow-icon\\" stroke-width=\\"4\\" stroke-linecap=\\"butt\\" stroke-linejoin=\\"miter\\"><path d=\\"M39.6 17.443 24.043 33 8.487 17.443\\"></path></svg></span></span></span>
    <!--teleport start-->
    <!--teleport end-->
  </div>
  <div class=\\"arco-space-item\\"><span class=\\"arco-select-view-single arco-select-view arco-select-view-size-medium\\" style=\\"width: 320px;\\"><!----><input class=\\"arco-select-view-input arco-select-view-input-hidden\\" readonly=\\"\\" placeholder=\\"Please select ...\\"><span class=\\"arco-select-view-value\\">Beijing / ChaoYang / Datunli</span><span class=\\"arco-select-view-suffix\\"><!----><span class=\\"arco-select-view-icon\\"><svg viewBox=\\"0 0 48 48\\" fill=\\"none\\" xmlns=\\"http://www.w3.org/2000/svg\\" stroke=\\"currentColor\\" class=\\"arco-icon arco-icon-down arco-select-view-arrow-icon\\" stroke-width=\\"4\\" stroke-linecap=\\"butt\\" stroke-linejoin=\\"miter\\"><path d=\\"M39.6 17.443 24.043 33 8.487 17.443\\"></path></svg></span></span></span>
    <!--teleport start-->
    <!--teleport end-->
  </div>
</div>"
`;

exports[`<cascader> demo: render [check-strictly] correctly 1`] = `
"<div class=\\"arco-space arco-space-vertical\\">
  <div class=\\"arco-space-item\\" style=\\"margin-bottom: 24px;\\"><span class=\\"arco-select-view-single arco-select-view arco-select-view-size-medium\\" style=\\"width: 320px;\\"><!----><input class=\\"arco-select-view-input arco-select-view-input-hidden\\" readonly=\\"\\" placeholder=\\"Please select ...\\"><span class=\\"arco-select-view-value\\">Beijing</span><span class=\\"arco-select-view-suffix\\"><!----><span class=\\"arco-select-view-icon\\"><svg viewBox=\\"0 0 48 48\\" fill=\\"none\\" xmlns=\\"http://www.w3.org/2000/svg\\" stroke=\\"currentColor\\" class=\\"arco-icon arco-icon-down arco-select-view-arrow-icon\\" stroke-width=\\"4\\" stroke-linecap=\\"butt\\" stroke-linejoin=\\"miter\\"><path d=\\"M39.6 17.443 24.043 33 8.487 17.443\\"></path></svg></span></span></span>
    <!--teleport start-->
    <!--teleport end-->
  </div>
  <div class=\\"arco-space-item\\"><span class=\\"arco-select-view arco-select-view-size-medium arco-select-view-has-tag arco-select-view-has-suffix arco-select-view-multiple\\" style=\\"width: 320px;\\"><span class=\\"arco-select-view-mirror\\"></span>
    <!---->
    <transition-group-stub><span class=\\"arco-tag arco-tag-size-medium arco-tag-checked arco-select-view-tag\\"><!--v-if-->Beijing<span class=\\"arco-icon-hover arco-tag-icon-hover arco-icon-hover-size-medium arco-tag-close-btn\\"><svg viewBox=\\"0 0 48 48\\" fill=\\"none\\" xmlns=\\"http://www.w3.org/2000/svg\\" stroke=\\"currentColor\\" class=\\"arco-icon arco-icon-close\\" stroke-width=\\"4\\" stroke-linecap=\\"butt\\" stroke-linejoin=\\"miter\\"><path d=\\"M9.857 9.858 24 24m0 0 14.142 14.142M24 24 38.142 9.858M24 24 9.857 38.142\\"></path></svg></span>
      <!--v-if--></span><input class=\\"arco-select-view-input\\" style=\\"width: 12px;\\">
    </transition-group-stub>
    <!----><span class=\\"arco-select-view-suffix\\"><!----><span class=\\"arco-select-view-icon\\"><svg viewBox=\\"0 0 48 48\\" fill=\\"none\\" xmlns=\\"http://www.w3.org/2000/svg\\" stroke=\\"currentColor\\" class=\\"arco-icon arco-icon-expand\\" stroke-width=\\"4\\" stroke-linecap=\\"butt\\" stroke-linejoin=\\"miter\\" style=\\"transform: rotate(-45deg);\\"><path d=\\"M7 26v14c0 .552.444 1 .996 1H22m19-19V8c0-.552-.444-1-.996-1H26\\"></path></svg></span></span></span>
    <!--teleport start-->
    <!--teleport end-->
  </div>
</div>"
`;

exports[`<cascader> demo: render [clear] correctly 1`] = `
"<span class=\\"arco-select-view-single arco-select-view arco-select-view-size-medium\\" style=\\"width: 320px;\\"><!----><input class=\\"arco-select-view-input arco-select-view-input-hidden\\" readonly=\\"\\" placeholder=\\"Please select ...\\"><span class=\\"arco-select-view-value\\">Beijing / ChaoYang / Datunli</span><span class=\\"arco-select-view-suffix\\"><span class=\\"arco-icon-hover arco-icon-hover-size-medium arco-select-view-clear-btn\\"><svg viewBox=\\"0 0 48 48\\" fill=\\"none\\" xmlns=\\"http://www.w3.org/2000/svg\\" stroke=\\"currentColor\\" class=\\"arco-icon arco-icon-close\\" stroke-width=\\"4\\" stroke-linecap=\\"butt\\" stroke-linejoin=\\"miter\\"><path d=\\"M9.857 9.858 24 24m0 0 14.142 14.142M24 24 38.142 9.858M24 24 9.857 38.142\\"></path></svg></span><span class=\\"arco-select-view-icon\\"><svg viewBox=\\"0 0 48 48\\" fill=\\"none\\" xmlns=\\"http://www.w3.org/2000/svg\\" stroke=\\"currentColor\\" class=\\"arco-icon arco-icon-down arco-select-view-arrow-icon\\" stroke-width=\\"4\\" stroke-linecap=\\"butt\\" stroke-linejoin=\\"miter\\"><path d=\\"M39.6 17.443 24.043 33 8.487 17.443\\"></path></svg></span></span></span>
<!--teleport start-->
<!--teleport end-->"
`;

exports[`<cascader> demo: render [disabled] correctly 1`] = `
"<span class=\\"arco-select-view-single arco-select-view arco-select-view-size-medium\\" style=\\"width: 320px;\\"><!----><input class=\\"arco-select-view-input\\" readonly=\\"\\" placeholder=\\"Please select ...\\"><span class=\\"arco-select-view-value arco-select-view-value-hidden\\"><!----></span><span class=\\"arco-select-view-suffix\\"><!----><span class=\\"arco-select-view-icon\\"><svg viewBox=\\"0 0 48 48\\" fill=\\"none\\" xmlns=\\"http://www.w3.org/2000/svg\\" stroke=\\"currentColor\\" class=\\"arco-icon arco-icon-down arco-select-view-arrow-icon\\" stroke-width=\\"4\\" stroke-linecap=\\"butt\\" stroke-linejoin=\\"miter\\"><path d=\\"M39.6 17.443 24.043 33 8.487 17.443\\"></path></svg></span></span></span>
<!--teleport start-->
<!--teleport end-->"
`;

exports[`<cascader> demo: render [format] correctly 1`] = `
"<span class=\\"arco-select-view-single arco-select-view arco-select-view-size-medium\\" style=\\"width: 320px;\\"><!----><input class=\\"arco-select-view-input arco-select-view-input-hidden\\" readonly=\\"\\" placeholder=\\"Please select ...\\"><span class=\\"arco-select-view-value\\">Beijing-ChaoYang-Datunli</span><span class=\\"arco-select-view-suffix\\"><!----><span class=\\"arco-select-view-icon\\"><svg viewBox=\\"0 0 48 48\\" fill=\\"none\\" xmlns=\\"http://www.w3.org/2000/svg\\" stroke=\\"currentColor\\" class=\\"arco-icon arco-icon-down arco-select-view-arrow-icon\\" stroke-width=\\"4\\" stroke-linecap=\\"butt\\" stroke-linejoin=\\"miter\\"><path d=\\"M39.6 17.443 24.043 33 8.487 17.443\\"></path></svg></span></span></span>
<!--teleport start-->
<!--teleport end-->"
`;

exports[`<cascader> demo: render [lazy-load] correctly 1`] = `
"<div class=\\"arco-space arco-space-horizontal arco-space-align-center\\">
  <div class=\\"arco-space-item\\"><span class=\\"arco-select-view-single arco-select-view arco-select-view-size-medium\\" style=\\"width: 320px;\\"><!----><input class=\\"arco-select-view-input\\" readonly=\\"\\" placeholder=\\"Please select ...\\"><span class=\\"arco-select-view-value arco-select-view-value-hidden\\"><!----></span><span class=\\"arco-select-view-suffix\\"><!----><span class=\\"arco-select-view-icon\\"><svg viewBox=\\"0 0 48 48\\" fill=\\"none\\" xmlns=\\"http://www.w3.org/2000/svg\\" stroke=\\"currentColor\\" class=\\"arco-icon arco-icon-down arco-select-view-arrow-icon\\" stroke-width=\\"4\\" stroke-linecap=\\"butt\\" stroke-linejoin=\\"miter\\"><path d=\\"M39.6 17.443 24.043 33 8.487 17.443\\"></path></svg></span></span></span>
    <!--teleport start-->
    <!--teleport end-->
  </div>
</div>"
`;

exports[`<cascader> demo: render [multiple] correctly 1`] = `
"<span class=\\"arco-select-view arco-select-view-size-medium arco-select-view-has-tag arco-select-view-has-suffix arco-select-view-multiple\\" style=\\"width: 320px;\\"><span class=\\"arco-select-view-mirror\\"></span>
<!---->
<transition-group-stub><span class=\\"arco-tag arco-tag-size-medium arco-tag-checked arco-select-view-tag\\"><!--v-if-->Beijing / ChaoYang / Datunli<span class=\\"arco-icon-hover arco-tag-icon-hover arco-icon-hover-size-medium arco-tag-close-btn\\"><svg viewBox=\\"0 0 48 48\\" fill=\\"none\\" xmlns=\\"http://www.w3.org/2000/svg\\" stroke=\\"currentColor\\" class=\\"arco-icon arco-icon-close\\" stroke-width=\\"4\\" stroke-linecap=\\"butt\\" stroke-linejoin=\\"miter\\"><path d=\\"M9.857 9.858 24 24m0 0 14.142 14.142M24 24 38.142 9.858M24 24 9.857 38.142\\"></path></svg></span>
  <!--v-if--></span><input class=\\"arco-select-view-input\\" style=\\"width: 12px;\\">
</transition-group-stub>
<!----><span class=\\"arco-select-view-suffix\\"><!----><span class=\\"arco-select-view-icon\\"><svg viewBox=\\"0 0 48 48\\" fill=\\"none\\" xmlns=\\"http://www.w3.org/2000/svg\\" stroke=\\"currentColor\\" class=\\"arco-icon arco-icon-expand\\" stroke-width=\\"4\\" stroke-linecap=\\"butt\\" stroke-linejoin=\\"miter\\" style=\\"transform: rotate(-45deg);\\"><path d=\\"M7 26v14c0 .552.444 1 .996 1H22m19-19V8c0-.552-.444-1-.996-1H26\\"></path></svg></span></span></span>
<!--teleport start-->
<!--teleport end-->"
`;

exports[`<cascader> demo: render [path] correctly 1`] = `
"<div class=\\"arco-space arco-space-vertical\\">
  <div class=\\"arco-space-item\\" style=\\"margin-bottom: 24px;\\"><span class=\\"arco-select-view-single arco-select-view arco-select-view-size-medium\\" style=\\"width: 320px;\\"><!----><input class=\\"arco-select-view-input\\" readonly=\\"\\" placeholder=\\"Please select ...\\"><span class=\\"arco-select-view-value arco-select-view-value-hidden\\"><!----></span><span class=\\"arco-select-view-suffix\\"><!----><span class=\\"arco-select-view-icon\\"><svg viewBox=\\"0 0 48 48\\" fill=\\"none\\" xmlns=\\"http://www.w3.org/2000/svg\\" stroke=\\"currentColor\\" class=\\"arco-icon arco-icon-down arco-select-view-arrow-icon\\" stroke-width=\\"4\\" stroke-linecap=\\"butt\\" stroke-linejoin=\\"miter\\"><path d=\\"M39.6 17.443 24.043 33 8.487 17.443\\"></path></svg></span></span></span>
    <!--teleport start-->
    <!--teleport end-->
  </div>
  <div class=\\"arco-space-item\\"><span class=\\"arco-select-view-single arco-select-view arco-select-view-size-medium\\" style=\\"width: 320px;\\"><!----><input class=\\"arco-select-view-input arco-select-view-input-hidden\\" readonly=\\"\\" placeholder=\\"Please select ...\\"><span class=\\"arco-select-view-value\\">Beijing / ChaoYang / Datunli</span><span class=\\"arco-select-view-suffix\\"><!----><span class=\\"arco-select-view-icon\\"><svg viewBox=\\"0 0 48 48\\" fill=\\"none\\" xmlns=\\"http://www.w3.org/2000/svg\\" stroke=\\"currentColor\\" class=\\"arco-icon arco-icon-down arco-select-view-arrow-icon\\" stroke-width=\\"4\\" stroke-linecap=\\"butt\\" stroke-linejoin=\\"miter\\"><path d=\\"M39.6 17.443 24.043 33 8.487 17.443\\"></path></svg></span></span></span>
    <!--teleport start-->
    <!--teleport end-->
  </div>
</div>"
`;

exports[`<cascader> demo: render [search] correctly 1`] = `
"<span class=\\"arco-select-view-single arco-select-view arco-select-view-size-medium arco-select-view-search\\" style=\\"width: 320px;\\"><!----><input class=\\"arco-select-view-input\\" placeholder=\\"Please select ...\\"><span class=\\"arco-select-view-value arco-select-view-value-hidden\\"><!----></span><span class=\\"arco-select-view-suffix\\"><!----><span class=\\"arco-select-view-icon\\"><svg viewBox=\\"0 0 48 48\\" fill=\\"none\\" xmlns=\\"http://www.w3.org/2000/svg\\" stroke=\\"currentColor\\" class=\\"arco-icon arco-icon-expand\\" stroke-width=\\"4\\" stroke-linecap=\\"butt\\" stroke-linejoin=\\"miter\\" style=\\"transform: rotate(-45deg);\\"><path d=\\"M7 26v14c0 .552.444 1 .996 1H22m19-19V8c0-.552-.444-1-.996-1H26\\"></path></svg></span></span></span>
<!--teleport start-->
<!--teleport end-->"
`;
