// Jest Snapshot v1, https://goo.gl/fbAQLP

exports[`<upload> demo: render [basic] correctly 1`] = `
"<div class=\\"arco-space arco-space-vertical\\" style=\\"width: 100%;\\">
  <div class=\\"arco-space-item\\" style=\\"margin-bottom: 8px;\\">
    <div class=\\"arco-upload-wrapper arco-upload-wrapper-type-text\\"><span class=\\"arco-upload\\"><input type=\\"file\\" style=\\"display: none;\\"><button class=\\"arco-btn arco-btn-secondary arco-btn-shape-square arco-btn-size-medium arco-btn-status-normal\\" type=\\"button\\"><span class=\\"arco-btn-icon\\"><svg viewBox=\\"0 0 48 48\\" fill=\\"none\\" xmlns=\\"http://www.w3.org/2000/svg\\" stroke=\\"currentColor\\" class=\\"arco-icon arco-icon-upload\\" stroke-width=\\"4\\" stroke-linecap=\\"butt\\" stroke-linejoin=\\"miter\\"><path d=\\"M14.93 17.071 24.001 8l9.071 9.071m-9.07 16.071v-25M40 35v6H8v-6\\"></path></svg></span>点击上传</button></span>
      <transition-group-stub></transition-group-stub>
      <!---->
    </div>
  </div>
  <div class=\\"arco-space-item\\">
    <div class=\\"arco-upload-wrapper arco-upload-wrapper-type-text\\"><span class=\\"arco-upload arco-upload-disabled\\"><input type=\\"file\\" style=\\"display: none;\\" disabled=\\"\\"><button class=\\"arco-btn arco-btn-secondary arco-btn-shape-square arco-btn-size-medium arco-btn-status-normal arco-btn-disabled\\" type=\\"button\\" disabled=\\"\\"><span class=\\"arco-btn-icon\\"><svg viewBox=\\"0 0 48 48\\" fill=\\"none\\" xmlns=\\"http://www.w3.org/2000/svg\\" stroke=\\"currentColor\\" class=\\"arco-icon arco-icon-upload\\" stroke-width=\\"4\\" stroke-linecap=\\"butt\\" stroke-linejoin=\\"miter\\"><path d=\\"M14.93 17.071 24.001 8l9.071 9.071m-9.07 16.071v-25M40 35v6H8v-6\\"></path></svg></span>点击上传</button></span>
      <transition-group-stub></transition-group-stub>
      <!---->
    </div>
  </div>
</div>"
`;

exports[`<upload> demo: render [draggable] correctly 1`] = `
"<div class=\\"arco-upload-wrapper arco-upload-wrapper-type-text\\"><span class=\\"arco-upload arco-upload-draggable\\"><input type=\\"file\\" style=\\"display: none;\\"><div class=\\"arco-upload-drag\\"><div><svg viewBox=\\"0 0 48 48\\" fill=\\"none\\" xmlns=\\"http://www.w3.org/2000/svg\\" stroke=\\"currentColor\\" class=\\"arco-icon arco-icon-plus\\" stroke-width=\\"4\\" stroke-linecap=\\"butt\\" stroke-linejoin=\\"miter\\"><path d=\\"M5 24h38M24 5v38\\"></path></svg></div><div class=\\"arco-upload-drag-text\\">点击或拖拽文件到此处上传</div><!----></div></span>
  <transition-group-stub></transition-group-stub>
  <!---->
</div>"
`;

exports[`<upload> demo: render [picture-card] correctly 1`] = `
"<div class=\\"arco-upload-wrapper arco-upload-wrapper-type-picture-card\\">
  <!---->
  <transition-group-stub><span class=\\"arco-upload-list-picture\\"><img src=\\"https://p1-arco.byteimg.com/tos-cn-i-uwbnlip3yd/701131f3576449d483d0650a525b57ee~tplv-uwbnlip3yd-image.image\\"><div class=\\"arco-upload-list-picture-mask\\"><!----><div class=\\"arco-upload-list-picture-operation\\"><span class=\\"arco-upload-icon arco-upload-icon-preview\\"><svg viewBox=\\"0 0 48 48\\" fill=\\"none\\" xmlns=\\"http://www.w3.org/2000/svg\\" stroke=\\"currentColor\\" class=\\"arco-icon arco-icon-eye\\" stroke-width=\\"4\\" stroke-linecap=\\"butt\\" stroke-linejoin=\\"miter\\"><path clip-rule=\\"evenodd\\" d=\\"M24 37c6.627 0 12.627-4.333 18-13-5.373-8.667-11.373-13-18-13-6.627 0-12.627 4.333-18 13 5.373 8.667 11.373 13 18 13Z\\"></path><path d=\\"M29 24a5 5 0 1 1-10 0 5 5 0 0 1 10 0Z\\"></path></svg></span>
    <!----><span class=\\"arco-upload-icon arco-upload-icon-remove\\"><svg viewBox=\\"0 0 48 48\\" fill=\\"none\\" xmlns=\\"http://www.w3.org/2000/svg\\" stroke=\\"currentColor\\" class=\\"arco-icon arco-icon-delete\\" stroke-width=\\"4\\" stroke-linecap=\\"butt\\" stroke-linejoin=\\"miter\\"><path d=\\"M5 11h5.5m0 0v29a1 1 0 0 0 1 1h25a1 1 0 0 0 1-1V11m-27 0H16m21.5 0H43m-5.5 0H32m-16 0V7h16v4m-16 0h16M20 18v15m8-15v15\\"></path></svg></span>
</div>
</div></span></transition-group-stub><span class=\\"arco-upload arco-upload-type-picture-card\\"><input type=\\"file\\" style=\\"display: none;\\"><div class=\\"arco-upload-picture-card\\"><div class=\\"arco-upload-picture-card-text\\"><svg viewBox=\\"0 0 48 48\\" fill=\\"none\\" xmlns=\\"http://www.w3.org/2000/svg\\" stroke=\\"currentColor\\" class=\\"arco-icon arco-icon-plus\\" stroke-width=\\"4\\" stroke-linecap=\\"butt\\" stroke-linejoin=\\"miter\\"><path d=\\"M5 24h38M24 5v38\\"></path></svg></div><!----></div></span></div>"
`;

exports[`<upload> demo: render [upload-list] correctly 1`] = `
"<div class=\\"arco-upload-wrapper arco-upload-wrapper-type-text\\"><span class=\\"arco-upload\\"><input type=\\"file\\" style=\\"display: none;\\"><button class=\\"arco-btn arco-btn-secondary arco-btn-shape-square arco-btn-size-medium arco-btn-status-normal\\" type=\\"button\\"><span class=\\"arco-btn-icon\\"><svg viewBox=\\"0 0 48 48\\" fill=\\"none\\" xmlns=\\"http://www.w3.org/2000/svg\\" stroke=\\"currentColor\\" class=\\"arco-icon arco-icon-upload\\" stroke-width=\\"4\\" stroke-linecap=\\"butt\\" stroke-linejoin=\\"miter\\"><path d=\\"M14.93 17.071 24.001 8l9.071 9.071m-9.07 16.071v-25M40 35v6H8v-6\\"></path></svg></span>点击上传</button></span>
  <transition-group-stub>
    <li class=\\"arco-upload-list-item arco-upload-list-item-done\\"><span class=\\"arco-upload-list-item-content\\"><!----><span class=\\"arco-upload-list-item-file-icon\\"><svg viewBox=\\"0 0 48 48\\" fill=\\"none\\" xmlns=\\"http://www.w3.org/2000/svg\\" stroke=\\"currentColor\\" class=\\"arco-icon arco-icon-file-image\\" stroke-width=\\"4\\" stroke-linecap=\\"butt\\" stroke-linejoin=\\"miter\\"><path d=\\"m26 33 5-6v6h-5Zm0 0-3-4-4 4h7Zm11 9H11a2 2 0 0 1-2-2V8a2 2 0 0 1 2-2h21l7 7v27a2 2 0 0 1-2 2ZM17 19h1v1h-1v-1Z\\"></path></svg></span><span class=\\"arco-upload-list-item-name\\"><a class=\\"arco-upload-list-item-name-link\\" href=\\"https://p1-arco.byteimg.com/tos-cn-i-uwbnlip3yd/ff86e73c735540a88a8780d1db64b204~tplv-uwbnlip3yd-image.image\\">test.png</a></span>
      <!----><span class=\\"arco-upload-progress\\"><!----><span class=\\"arco-upload-icon arco-upload-icon-success\\"><svg viewBox=\\"0 0 48 48\\" fill=\\"none\\" xmlns=\\"http://www.w3.org/2000/svg\\" stroke=\\"currentColor\\" class=\\"arco-icon arco-icon-check\\" stroke-width=\\"4\\" stroke-linecap=\\"butt\\" stroke-linejoin=\\"miter\\"><path d=\\"M41.678 11.05 19.05 33.678 6.322 20.95\\"></path></svg></span></span></span><span class=\\"arco-upload-list-item-operation\\"><span class=\\"arco-icon-hover arco-icon-hover-size-medium\\"><span class=\\"arco-upload-icon arco-upload-icon-remove\\"><svg viewBox=\\"0 0 48 48\\" fill=\\"none\\" xmlns=\\"http://www.w3.org/2000/svg\\" stroke=\\"currentColor\\" class=\\"arco-icon arco-icon-delete\\" stroke-width=\\"4\\" stroke-linecap=\\"butt\\" stroke-linejoin=\\"miter\\"><path d=\\"M5 11h5.5m0 0v29a1 1 0 0 0 1 1h25a1 1 0 0 0 1-1V11m-27 0H16m21.5 0H43m-5.5 0H32m-16 0V7h16v4m-16 0h16M20 18v15m8-15v15\\"></path></svg></span></span></span>
    </li>
    <li class=\\"arco-upload-list-item arco-upload-list-item-error\\"><span class=\\"arco-upload-list-item-content\\"><!----><span class=\\"arco-upload-list-item-file-icon\\"><svg viewBox=\\"0 0 48 48\\" fill=\\"none\\" xmlns=\\"http://www.w3.org/2000/svg\\" stroke=\\"currentColor\\" class=\\"arco-icon arco-icon-file-image\\" stroke-width=\\"4\\" stroke-linecap=\\"butt\\" stroke-linejoin=\\"miter\\"><path d=\\"m26 33 5-6v6h-5Zm0 0-3-4-4 4h7Zm11 9H11a2 2 0 0 1-2-2V8a2 2 0 0 1 2-2h21l7 7v27a2 2 0 0 1-2 2ZM17 19h1v1h-1v-1Z\\"></path></svg></span><span class=\\"arco-upload-list-item-name\\"><a class=\\"arco-upload-list-item-name-link\\" href=\\"p1-arco.byteimg.com/tos-cn-i-uwbnlip3yd/701131f3576449d483d0650a525b57ee~tplv-uwbnlip3yd-image.image\\">20200717-103937.png</a></span><span class=\\"arco-upload-icon arco-upload-icon-error\\"><svg viewBox=\\"0 0 48 48\\" fill=\\"none\\" xmlns=\\"http://www.w3.org/2000/svg\\" stroke=\\"currentColor\\" class=\\"arco-icon arco-icon-exclamation-circle-fill\\" stroke-width=\\"4\\" stroke-linecap=\\"butt\\" stroke-linejoin=\\"miter\\"><path fill-rule=\\"evenodd\\" clip-rule=\\"evenodd\\" d=\\"M24 44c11.046 0 20-8.954 20-20S35.046 4 24 4 4 12.954 4 24s8.954 20 20 20Zm-2-11a1 1 0 0 0 1 1h2a1 1 0 0 0 1-1v-2a1 1 0 0 0-1-1h-2a1 1 0 0 0-1 1v2Zm4-18a1 1 0 0 0-1-1h-2a1 1 0 0 0-1 1v12a1 1 0 0 0 1 1h2a1 1 0 0 0 1-1V15Z\\" fill=\\"currentColor\\" stroke=\\"none\\"></path></svg></span>
      <!--teleport start-->
      <!--teleport end--><span class=\\"arco-upload-progress\\"><!----><span class=\\"arco-upload-icon arco-upload-icon-upload\\">点击重试</span></span></span><span class=\\"arco-upload-list-item-operation\\"><span class=\\"arco-icon-hover arco-icon-hover-size-medium\\"><span class=\\"arco-upload-icon arco-upload-icon-remove\\"><svg viewBox=\\"0 0 48 48\\" fill=\\"none\\" xmlns=\\"http://www.w3.org/2000/svg\\" stroke=\\"currentColor\\" class=\\"arco-icon arco-icon-delete\\" stroke-width=\\"4\\" stroke-linecap=\\"butt\\" stroke-linejoin=\\"miter\\"><path d=\\"M5 11h5.5m0 0v29a1 1 0 0 0 1 1h25a1 1 0 0 0 1-1V11m-27 0H16m21.5 0H43m-5.5 0H32m-16 0V7h16v4m-16 0h16M20 18v15m8-15v15\\"></path></svg></span></span></span>
    </li>
    <li class=\\"arco-upload-list-item arco-upload-list-item-done\\"><span class=\\"arco-upload-list-item-content\\"><!----><span class=\\"arco-upload-list-item-file-icon\\"><svg viewBox=\\"0 0 48 48\\" fill=\\"none\\" xmlns=\\"http://www.w3.org/2000/svg\\" stroke=\\"currentColor\\" class=\\"arco-icon arco-icon-file-image\\" stroke-width=\\"4\\" stroke-linecap=\\"butt\\" stroke-linejoin=\\"miter\\"><path d=\\"m26 33 5-6v6h-5Zm0 0-3-4-4 4h7Zm11 9H11a2 2 0 0 1-2-2V8a2 2 0 0 1 2-2h21l7 7v27a2 2 0 0 1-2 2ZM17 19h1v1h-1v-1Z\\"></path></svg></span><span class=\\"arco-upload-list-item-name\\"><a class=\\"arco-upload-list-item-name-link\\" href=\\"https://p1-arco.byteimg.com/tos-cn-i-uwbnlip3yd/701131f3576449d483d0650a525b57ee~tplv-uwbnlip3yd-image.image\\">20200717-103937.png</a></span>
      <!----><span class=\\"arco-upload-progress\\"><!----><span class=\\"arco-upload-icon arco-upload-icon-success\\"><svg viewBox=\\"0 0 48 48\\" fill=\\"none\\" xmlns=\\"http://www.w3.org/2000/svg\\" stroke=\\"currentColor\\" class=\\"arco-icon arco-icon-check\\" stroke-width=\\"4\\" stroke-linecap=\\"butt\\" stroke-linejoin=\\"miter\\"><path d=\\"M41.678 11.05 19.05 33.678 6.322 20.95\\"></path></svg></span></span></span><span class=\\"arco-upload-list-item-operation\\"><span class=\\"arco-icon-hover arco-icon-hover-size-medium\\"><span class=\\"arco-upload-icon arco-upload-icon-remove\\"><svg viewBox=\\"0 0 48 48\\" fill=\\"none\\" xmlns=\\"http://www.w3.org/2000/svg\\" stroke=\\"currentColor\\" class=\\"arco-icon arco-icon-delete\\" stroke-width=\\"4\\" stroke-linecap=\\"butt\\" stroke-linejoin=\\"miter\\"><path d=\\"M5 11h5.5m0 0v29a1 1 0 0 0 1 1h25a1 1 0 0 0 1-1V11m-27 0H16m21.5 0H43m-5.5 0H32m-16 0V7h16v4m-16 0h16M20 18v15m8-15v15\\"></path></svg></span></span></span>
    </li>
  </transition-group-stub>
  <!---->
</div>"
`;
