// Jest Snapshot v1, https://goo.gl/fbAQLP

exports[`<radio> demo: render [basic] correctly 1`] = `
"<div class=\\"arco-space arco-space-horizontal arco-space-align-center\\">
  <div class=\\"arco-space-item\\" style=\\"margin-right: 24px;\\"><span class=\\"arco-radio\\"><input type=\\"radio\\" class=\\"arco-radio-target\\" value=\\"radio\\"><span class=\\"arco-icon-hover arco-icon-hover-size-medium arco-radio-icon-hover\\"><span class=\\"arco-radio-icon\\"></span></span><span class=\\"arco-radio-label\\">Radio</span></span></div>
  <div class=\\"arco-space-item\\"><span class=\\"arco-radio arco-radio-checked arco-radio-disabled\\"><input type=\\"radio\\" class=\\"arco-radio-target\\" disabled=\\"\\" value=\\"disabled radio\\"><span class=\\"arco-icon-hover arco-icon-hover-size-medium arco-icon-hover-disabled arco-radio-icon-hover\\"><span class=\\"arco-radio-icon\\"></span></span><span class=\\"arco-radio-label\\">Disabled Radio</span></span></div>
</div>"
`;

exports[`<radio> demo: render [button] correctly 1`] = `"<span class=\\"arco-radio-group-button arco-radio-group-size-medium arco-radio-group-direction-horizontal\\"><span class=\\"arco-radio-button\\"><input type=\\"radio\\" class=\\"arco-radio-target\\" value=\\"Beijing\\"><span class=\\"arco-radio-button-content\\">Beijing</span></span><span class=\\"arco-radio-button\\"><input type=\\"radio\\" class=\\"arco-radio-target\\" value=\\"Shanghai\\"><span class=\\"arco-radio-button-content\\">Shanghai</span></span><span class=\\"arco-radio-button\\"><input type=\\"radio\\" class=\\"arco-radio-target\\" value=\\"Guangzhou\\"><span class=\\"arco-radio-button-content\\">Guangzhou</span></span><span class=\\"arco-radio-button\\"><input type=\\"radio\\" class=\\"arco-radio-target\\" value=\\"Shenzhen\\"><span class=\\"arco-radio-button-content\\">Shenzhen</span></span></span>"`;

exports[`<radio> demo: render [direction] correctly 1`] = `"<span class=\\"arco-radio-group arco-radio-group-size-medium arco-radio-group-direction-vertical\\"><span class=\\"arco-radio\\"><input type=\\"radio\\" class=\\"arco-radio-target\\" value=\\"A\\"><span class=\\"arco-icon-hover arco-icon-hover-size-medium arco-radio-icon-hover\\"><span class=\\"arco-radio-icon\\"></span></span><span class=\\"arco-radio-label\\">A</span></span><span class=\\"arco-radio\\"><input type=\\"radio\\" class=\\"arco-radio-target\\" value=\\"B\\"><span class=\\"arco-icon-hover arco-icon-hover-size-medium arco-radio-icon-hover\\"><span class=\\"arco-radio-icon\\"></span></span><span class=\\"arco-radio-label\\">B</span></span><span class=\\"arco-radio\\"><input type=\\"radio\\" class=\\"arco-radio-target\\" value=\\"C\\"><span class=\\"arco-icon-hover arco-icon-hover-size-medium arco-radio-icon-hover\\"><span class=\\"arco-radio-icon\\"></span></span><span class=\\"arco-radio-label\\">C</span></span><span class=\\"arco-radio\\"><input type=\\"radio\\" class=\\"arco-radio-target\\" value=\\"D\\"><span class=\\"arco-icon-hover arco-icon-hover-size-medium arco-radio-icon-hover\\"><span class=\\"arco-radio-icon\\"></span></span><span class=\\"arco-radio-label\\">D</span></span></span>"`;

exports[`<radio> demo: render [group] correctly 1`] = `
"<div class=\\"arco-space arco-space-vertical\\">
  <div class=\\"arco-space-item\\" style=\\"margin-bottom: 24px;\\"><span class=\\"arco-radio-group arco-radio-group-size-medium arco-radio-group-direction-horizontal\\"><span class=\\"arco-radio\\"><input type=\\"radio\\" class=\\"arco-radio-target\\" value=\\"A\\"><span class=\\"arco-icon-hover arco-icon-hover-size-medium arco-radio-icon-hover\\"><span class=\\"arco-radio-icon\\"></span></span><span class=\\"arco-radio-label\\">A</span></span><span class=\\"arco-radio\\"><input type=\\"radio\\" class=\\"arco-radio-target\\" value=\\"B\\"><span class=\\"arco-icon-hover arco-icon-hover-size-medium arco-radio-icon-hover\\"><span class=\\"arco-radio-icon\\"></span></span><span class=\\"arco-radio-label\\">B</span></span><span class=\\"arco-radio\\"><input type=\\"radio\\" class=\\"arco-radio-target\\" value=\\"C\\"><span class=\\"arco-icon-hover arco-icon-hover-size-medium arco-radio-icon-hover\\"><span class=\\"arco-radio-icon\\"></span></span><span class=\\"arco-radio-label\\">C</span></span><span class=\\"arco-radio\\"><input type=\\"radio\\" class=\\"arco-radio-target\\" value=\\"D\\"><span class=\\"arco-icon-hover arco-icon-hover-size-medium arco-radio-icon-hover\\"><span class=\\"arco-radio-icon\\"></span></span><span class=\\"arco-radio-label\\">D</span></span></span></div>
  <div class=\\"arco-space-item\\"><span class=\\"arco-radio-group arco-radio-group-size-medium arco-radio-group-direction-horizontal\\"><span class=\\"arco-radio\\"><input type=\\"radio\\" class=\\"arco-radio-target\\" value=\\"A\\"><span class=\\"arco-icon-hover arco-icon-hover-size-medium arco-radio-icon-hover\\"><span class=\\"arco-radio-icon\\"></span></span><span class=\\"arco-radio-label\\">A</span></span><span class=\\"arco-radio\\"><input type=\\"radio\\" class=\\"arco-radio-target\\" value=\\"B\\"><span class=\\"arco-icon-hover arco-icon-hover-size-medium arco-radio-icon-hover\\"><span class=\\"arco-radio-icon\\"></span></span><span class=\\"arco-radio-label\\">B</span></span><span class=\\"arco-radio\\"><input type=\\"radio\\" class=\\"arco-radio-target\\" value=\\"C\\"><span class=\\"arco-icon-hover arco-icon-hover-size-medium arco-radio-icon-hover\\"><span class=\\"arco-radio-icon\\"></span></span><span class=\\"arco-radio-label\\">C</span></span><span class=\\"arco-radio arco-radio-disabled\\"><input type=\\"radio\\" class=\\"arco-radio-target\\" disabled=\\"\\" value=\\"D\\"><span class=\\"arco-icon-hover arco-icon-hover-size-medium arco-icon-hover-disabled arco-radio-icon-hover\\"><span class=\\"arco-radio-icon\\"></span></span><span class=\\"arco-radio-label\\">D</span></span></span></div>
</div>"
`;

exports[`<radio> demo: render [size] correctly 1`] = `
"<div class=\\"arco-space arco-space-vertical\\">
  <div class=\\"arco-space-item\\" style=\\"margin-bottom: 24px;\\"><span class=\\"arco-radio-group-button arco-radio-group-size-mini arco-radio-group-direction-horizontal\\"><span class=\\"arco-radio-button\\"><input type=\\"radio\\" class=\\"arco-radio-target\\" value=\\"Beijing\\"><span class=\\"arco-radio-button-content\\">Beijing</span></span><span class=\\"arco-radio-button\\"><input type=\\"radio\\" class=\\"arco-radio-target\\" value=\\"Shanghai\\"><span class=\\"arco-radio-button-content\\">Shanghai</span></span><span class=\\"arco-radio-button\\"><input type=\\"radio\\" class=\\"arco-radio-target\\" value=\\"Guangzhou\\"><span class=\\"arco-radio-button-content\\">Guangzhou</span></span><span class=\\"arco-radio-button\\"><input type=\\"radio\\" class=\\"arco-radio-target\\" value=\\"Shenzhen\\"><span class=\\"arco-radio-button-content\\">Shenzhen</span></span></span></div>
  <div class=\\"arco-space-item\\" style=\\"margin-bottom: 24px;\\"><span class=\\"arco-radio-group-button arco-radio-group-size-small arco-radio-group-direction-horizontal\\"><span class=\\"arco-radio-button\\"><input type=\\"radio\\" class=\\"arco-radio-target\\" value=\\"Beijing\\"><span class=\\"arco-radio-button-content\\">Beijing</span></span><span class=\\"arco-radio-button\\"><input type=\\"radio\\" class=\\"arco-radio-target\\" value=\\"Shanghai\\"><span class=\\"arco-radio-button-content\\">Shanghai</span></span><span class=\\"arco-radio-button\\"><input type=\\"radio\\" class=\\"arco-radio-target\\" value=\\"Guangzhou\\"><span class=\\"arco-radio-button-content\\">Guangzhou</span></span><span class=\\"arco-radio-button\\"><input type=\\"radio\\" class=\\"arco-radio-target\\" value=\\"Shenzhen\\"><span class=\\"arco-radio-button-content\\">Shenzhen</span></span></span></div>
  <div class=\\"arco-space-item\\" style=\\"margin-bottom: 24px;\\"><span class=\\"arco-radio-group-button arco-radio-group-size-medium arco-radio-group-direction-horizontal\\"><span class=\\"arco-radio-button\\"><input type=\\"radio\\" class=\\"arco-radio-target\\" value=\\"Beijing\\"><span class=\\"arco-radio-button-content\\">Beijing</span></span><span class=\\"arco-radio-button\\"><input type=\\"radio\\" class=\\"arco-radio-target\\" value=\\"Shanghai\\"><span class=\\"arco-radio-button-content\\">Shanghai</span></span><span class=\\"arco-radio-button\\"><input type=\\"radio\\" class=\\"arco-radio-target\\" value=\\"Guangzhou\\"><span class=\\"arco-radio-button-content\\">Guangzhou</span></span><span class=\\"arco-radio-button\\"><input type=\\"radio\\" class=\\"arco-radio-target\\" value=\\"Shenzhen\\"><span class=\\"arco-radio-button-content\\">Shenzhen</span></span></span></div>
  <div class=\\"arco-space-item\\"><span class=\\"arco-radio-group-button arco-radio-group-size-large arco-radio-group-direction-horizontal\\"><span class=\\"arco-radio-button\\"><input type=\\"radio\\" class=\\"arco-radio-target\\" value=\\"Beijing\\"><span class=\\"arco-radio-button-content\\">Beijing</span></span><span class=\\"arco-radio-button\\"><input type=\\"radio\\" class=\\"arco-radio-target\\" value=\\"Shanghai\\"><span class=\\"arco-radio-button-content\\">Shanghai</span></span><span class=\\"arco-radio-button\\"><input type=\\"radio\\" class=\\"arco-radio-target\\" value=\\"Guangzhou\\"><span class=\\"arco-radio-button-content\\">Guangzhou</span></span><span class=\\"arco-radio-button\\"><input type=\\"radio\\" class=\\"arco-radio-target\\" value=\\"Shenzhen\\"><span class=\\"arco-radio-button-content\\">Shenzhen</span></span></span></div>
</div>"
`;
