// Jest Snapshot v1, https://goo.gl/fbAQLP

exports[`Select show dropdown correctly 1`] = `"<body><transition-stub><div class=\\"arco-trigger-popup arco-trigger-position-bl\\" style=\\"z-index: 1000; left: 0px; top: 4px; transform-origin: 0 0; width: 0px;\\" trigger-placement=\\"bl\\"><div class=\\"arco-trigger-content\\"><div class=\\"arco-dropdown arco-select-dropdown\\"><div class=\\"arco-spin\\" style=\\"width: 100%; display: block;\\"><div class=\\"arco-dropdown-list-wrapper\\"><ul class=\\"arco-dropdown-list\\"><li class=\\"arco-dropdown-option arco-dropdown-option-active\\">Beijing</li><li class=\\"arco-dropdown-option\\">Shanghai</li><li class=\\"arco-dropdown-option\\">Guangzhou</li><li class=\\"arco-dropdown-option\\">Chengdu</li></ul></div><!--v-if--><!----></div></div></div><!----></div></transition-stub></body>"`;
