// Jest Snapshot v1, https://goo.gl/fbAQLP

exports[`<checkbox> demo: render [all] correctly 1`] = `
"<div class=\\"arco-space arco-space-vertical\\">
  <div class=\\"arco-space-item\\" style=\\"margin-bottom: 8px;\\"><span class=\\"arco-checkbox\\"><input type=\\"checkbox\\" class=\\"arco-checkbox-target\\"><span class=\\"arco-icon-hover arco-icon-hover-size-medium arco-checkbox-icon-hover\\"><div class=\\"arco-checkbox-icon\\"><!--v-if--></div></span><span class=\\"arco-checkbox-label\\">Check All</span></span></div>
  <div class=\\"arco-space-item\\"><span class=\\"arco-checkbox-group arco-checkbox-group-direction-horizontal\\"><span class=\\"arco-checkbox\\"><input type=\\"checkbox\\" class=\\"arco-checkbox-target\\" value=\\"1\\"><span class=\\"arco-icon-hover arco-icon-hover-size-medium arco-checkbox-icon-hover\\"><div class=\\"arco-checkbox-icon\\"><!--v-if--></div></span><span class=\\"arco-checkbox-label\\">Option 1</span></span><span class=\\"arco-checkbox\\"><input type=\\"checkbox\\" class=\\"arco-checkbox-target\\" value=\\"2\\"><span class=\\"arco-icon-hover arco-icon-hover-size-medium arco-checkbox-icon-hover\\"><div class=\\"arco-checkbox-icon\\"><!--v-if--></div></span><span class=\\"arco-checkbox-label\\">Option 2</span></span><span class=\\"arco-checkbox\\"><input type=\\"checkbox\\" class=\\"arco-checkbox-target\\" value=\\"3\\"><span class=\\"arco-icon-hover arco-icon-hover-size-medium arco-checkbox-icon-hover\\"><div class=\\"arco-checkbox-icon\\"><!--v-if--></div></span><span class=\\"arco-checkbox-label\\">Option 3</span></span></span></div>
</div>"
`;

exports[`<checkbox> demo: render [basic] correctly 1`] = `"<span class=\\"arco-checkbox\\"><input type=\\"checkbox\\" class=\\"arco-checkbox-target\\" value=\\"1\\"><span class=\\"arco-icon-hover arco-icon-hover-size-medium arco-checkbox-icon-hover\\"><div class=\\"arco-checkbox-icon\\"><!--v-if--></div></span><span class=\\"arco-checkbox-label\\">Option 1</span></span>"`;

exports[`<checkbox> demo: render [disabled] correctly 1`] = `"<span class=\\"arco-checkbox arco-checkbox-disabled\\"><input type=\\"checkbox\\" class=\\"arco-checkbox-target\\" disabled=\\"\\" value=\\"1\\"><span class=\\"arco-icon-hover arco-icon-hover-size-medium arco-icon-hover-disabled arco-checkbox-icon-hover\\"><div class=\\"arco-checkbox-icon\\"><!--v-if--></div></span><span class=\\"arco-checkbox-label\\">Disabled Option 1</span></span>"`;

exports[`<checkbox> demo: render [group] correctly 1`] = `
"<div class=\\"arco-space arco-space-vertical\\">
  <div class=\\"arco-space-item\\" style=\\"margin-bottom: 24px;\\"><span class=\\"arco-checkbox-group arco-checkbox-group-direction-horizontal\\"><span class=\\"arco-checkbox\\"><input type=\\"checkbox\\" class=\\"arco-checkbox-target\\" value=\\"1\\"><span class=\\"arco-icon-hover arco-icon-hover-size-medium arco-checkbox-icon-hover\\"><div class=\\"arco-checkbox-icon\\"><!--v-if--></div></span><span class=\\"arco-checkbox-label\\">Option 1</span></span><span class=\\"arco-checkbox\\"><input type=\\"checkbox\\" class=\\"arco-checkbox-target\\" value=\\"2\\"><span class=\\"arco-icon-hover arco-icon-hover-size-medium arco-checkbox-icon-hover\\"><div class=\\"arco-checkbox-icon\\"><!--v-if--></div></span><span class=\\"arco-checkbox-label\\">Option 2</span></span><span class=\\"arco-checkbox\\"><input type=\\"checkbox\\" class=\\"arco-checkbox-target\\" value=\\"3\\"><span class=\\"arco-icon-hover arco-icon-hover-size-medium arco-checkbox-icon-hover\\"><div class=\\"arco-checkbox-icon\\"><!--v-if--></div></span><span class=\\"arco-checkbox-label\\">Option 3</span></span></span></div>
  <div class=\\"arco-space-item\\"><span class=\\"arco-checkbox-group arco-checkbox-group-direction-vertical\\"><span class=\\"arco-checkbox\\"><input type=\\"checkbox\\" class=\\"arco-checkbox-target\\" value=\\"1\\"><span class=\\"arco-icon-hover arco-icon-hover-size-medium arco-checkbox-icon-hover\\"><div class=\\"arco-checkbox-icon\\"><!--v-if--></div></span><span class=\\"arco-checkbox-label\\">Option 1</span></span><span class=\\"arco-checkbox\\"><input type=\\"checkbox\\" class=\\"arco-checkbox-target\\" value=\\"2\\"><span class=\\"arco-icon-hover arco-icon-hover-size-medium arco-checkbox-icon-hover\\"><div class=\\"arco-checkbox-icon\\"><!--v-if--></div></span><span class=\\"arco-checkbox-label\\">Option 2</span></span><span class=\\"arco-checkbox\\"><input type=\\"checkbox\\" class=\\"arco-checkbox-target\\" value=\\"3\\"><span class=\\"arco-icon-hover arco-icon-hover-size-medium arco-checkbox-icon-hover\\"><div class=\\"arco-checkbox-icon\\"><!--v-if--></div></span><span class=\\"arco-checkbox-label\\">Option 3</span></span></span></div>
</div>"
`;
